// Jest Snapshot v1, https://goo.gl/fbAQLP

exports[`App component render without crashing 1`] = `ShallowWrapper {}`;

exports[`test app render without crashing 1`] = `ShallowWrapper {}`;
